Loaded reset SP 0x0 PC 0x0 from vector table
Loaded reset SP 0x8002d648 PC 0x100001b1 from vector table
Taking exception 5 [IRQ] on CPU 0
...taking pending secure exception 19
...loading from element 19 of secure vector table at 0x1000004c
...loaded new PC 0x100013c9
Taking exception 8 [QEMU v7M exception exit] on CPU 0
Exception return: magic PC fffffff9 previous exception 19
...successful exception return
Taking exception 5 [IRQ] on CPU 0
...taking pending secure exception 19
...loading from element 19 of secure vector table at 0x1000004c
...loaded new PC 0x100013c9
Taking exception 8 [QEMU v7M exception exit] on CPU 0
Exception return: magic PC fffffff9 previous exception 19
...successful exception return
Taking exception 5 [IRQ] on CPU 0
...taking pending secure exception 19
...loading from element 19 of secure vector table at 0x1000004c
...loaded new PC 0x100013c9
Taking exception 8 [QEMU v7M exception exit] on CPU 0
Exception return: magic PC fffffff9 previous exception 19
...successful exception return
Taking exception 5 [IRQ] on CPU 0
...taking pending secure exception 19
...loading from element 19 of secure vector table at 0x1000004c
...loaded new PC 0x100013c9
Taking exception 8 [QEMU v7M exception exit] on CPU 0
Exception return: magic PC fffffff9 previous exception 19
...successful exception return
Taking exception 5 [IRQ] on CPU 0
...taking pending secure exception 19
...loading from element 19 of secure vector table at 0x1000004c
...loaded new PC 0x100013c9
Taking exception 8 [QEMU v7M exception exit] on CPU 0
Exception return: magic PC fffffff9 previous exception 19
...successful exception return
Taking exception 5 [IRQ] on CPU 0
...taking pending secure exception 19
...loading from element 19 of secure vector table at 0x1000004c
...loaded new PC 0x100013c9
Taking exception 8 [QEMU v7M exception exit] on CPU 0
Exception return: magic PC fffffff9 previous exception 19
...successful exception return
Taking exception 5 [IRQ] on CPU 0
...taking pending secure exception 19
...loading from element 19 of secure vector table at 0x1000004c
...loaded new PC 0x100013c9
Taking exception 8 [QEMU v7M exception exit] on CPU 0
Exception return: magic PC fffffff9 previous exception 19
...successful exception return
Taking exception 5 [IRQ] on CPU 0
...taking pending secure exception 19
...loading from element 19 of secure vector table at 0x1000004c
...loaded new PC 0x100013c9
Taking exception 8 [QEMU v7M exception exit] on CPU 0
Exception return: magic PC fffffff9 previous exception 19
...successful exception return
Taking exception 5 [IRQ] on CPU 0
...taking pending secure exception 19
...loading from element 19 of secure vector table at 0x1000004c
...loaded new PC 0x100013c9
Taking exception 8 [QEMU v7M exception exit] on CPU 0
Exception return: magic PC fffffff9 previous exception 19
...successful exception return
Taking exception 5 [IRQ] on CPU 0
...taking pending secure exception 19
...loading from element 19 of secure vector table at 0x1000004c
...loaded new PC 0x100013c9
Taking exception 8 [QEMU v7M exception exit] on CPU 0
Exception return: magic PC fffffff9 previous exception 19
...successful exception return
Taking exception 5 [IRQ] on CPU 0
...taking pending secure exception 19
...loading from element 19 of secure vector table at 0x1000004c
...loaded new PC 0x100013c9
Taking exception 8 [QEMU v7M exception exit] on CPU 0
Exception return: magic PC fffffff9 previous exception 19
...successful exception return
Taking exception 5 [IRQ] on CPU 0
...taking pending secure exception 19
...loading from element 19 of secure vector table at 0x1000004c
...loaded new PC 0x100013c9
Taking exception 8 [QEMU v7M exception exit] on CPU 0
Exception return: magic PC fffffff9 previous exception 19
...successful exception return
Taking exception 5 [IRQ] on CPU 0
...taking pending secure exception 19
...loading from element 19 of secure vector table at 0x1000004c
...loaded new PC 0x100013c9
Taking exception 8 [QEMU v7M exception exit] on CPU 0
Exception return: magic PC fffffff9 previous exception 19
...successful exception return
Taking exception 5 [IRQ] on CPU 0
...taking pending secure exception 19
...loading from element 19 of secure vector table at 0x1000004c
...loaded new PC 0x100013c9
Taking exception 8 [QEMU v7M exception exit] on CPU 0
Exception return: magic PC fffffff9 previous exception 19
...successful exception return
Taking exception 5 [IRQ] on CPU 0
...taking pending secure exception 19
...loading from element 19 of secure vector table at 0x1000004c
...loaded new PC 0x100013c9
Taking exception 8 [QEMU v7M exception exit] on CPU 0
Exception return: magic PC fffffff9 previous exception 19
...successful exception return
Taking exception 5 [IRQ] on CPU 0
...taking pending secure exception 19
...loading from element 19 of secure vector table at 0x1000004c
...loaded new PC 0x100013c9
Taking exception 8 [QEMU v7M exception exit] on CPU 0
Exception return: magic PC fffffff9 previous exception 19
...successful exception return
Taking exception 5 [IRQ] on CPU 0
...taking pending secure exception 19
...loading from element 19 of secure vector table at 0x1000004c
...loaded new PC 0x100013c9
Taking exception 8 [QEMU v7M exception exit] on CPU 0
Exception return: magic PC fffffff9 previous exception 19
...successful exception return
Taking exception 5 [IRQ] on CPU 0
...taking pending secure exception 19
...loading from element 19 of secure vector table at 0x1000004c
...loaded new PC 0x100013c9
Taking exception 8 [QEMU v7M exception exit] on CPU 0
Exception return: magic PC fffffff9 previous exception 19
...successful exception return
Taking exception 5 [IRQ] on CPU 0
...taking pending secure exception 19
...loading from element 19 of secure vector table at 0x1000004c
...loaded new PC 0x100013c9
Taking exception 8 [QEMU v7M exception exit] on CPU 0
Exception return: magic PC fffffff9 previous exception 19
...successful exception return
Taking exception 2 [SVC] on CPU 0
...taking pending secure exception 11
...loading from element 11 of secure vector table at 0x1000002c
...loaded new PC 0x100013c9
Taking exception 8 [QEMU v7M exception exit] on CPU 0
Exception return: magic PC fffffff9 previous exception 11
...tailchaining to pending exception
...taking pending secure exception 19
...loading from element 19 of secure vector table at 0x1000004c
...loaded new PC 0x100013c9
Taking exception 8 [QEMU v7M exception exit] on CPU 0
Exception return: magic PC fffffff9 previous exception 19
...successful exception return
Taking exception 2 [SVC] on CPU 0
...taking pending secure exception 11
...loading from element 11 of secure vector table at 0x1000002c
...loaded new PC 0x100013c9
Taking exception 8 [QEMU v7M exception exit] on CPU 0
Exception return: magic PC fffffff9 previous exception 11
...successful exception return
Taking exception 2 [SVC] on CPU 0
...taking pending secure exception 11
...loading from element 11 of secure vector table at 0x1000002c
...loaded new PC 0x100013c9
Taking exception 8 [QEMU v7M exception exit] on CPU 0
Exception return: magic PC fffffff9 previous exception 11
...successful exception return
Taking exception 5 [IRQ] on CPU 0
...taking pending secure exception 49
...loading from element 49 of secure vector table at 0x100000c4
...loaded new PC 0x100013c9
Taking exception 8 [QEMU v7M exception exit] on CPU 0
Exception return: magic PC fffffff9 previous exception 49
...tailchaining to pending exception
...taking pending secure exception 58
...loading from element 58 of secure vector table at 0x100000e8
...loaded new PC 0x100013c9
Taking exception 8 [QEMU v7M exception exit] on CPU 0
Exception return: magic PC fffffff9 previous exception 58
...successful exception return
Taking exception 5 [IRQ] on CPU 0
...taking pending secure exception 49
...loading from element 49 of secure vector table at 0x100000c4
...loaded new PC 0x100013c9
Taking exception 8 [QEMU v7M exception exit] on CPU 0
Exception return: magic PC fffffff9 previous exception 49
...tailchaining to pending exception
...taking pending secure exception 58
...loading from element 58 of secure vector table at 0x100000e8
...loaded new PC 0x100013c9
Taking exception 8 [QEMU v7M exception exit] on CPU 0
Exception return: magic PC fffffff9 previous exception 58
...successful exception return
Taking exception 5 [IRQ] on CPU 0
...taking pending secure exception 49
...loading from element 49 of secure vector table at 0x100000c4
...loaded new PC 0x100013c9
Taking exception 8 [QEMU v7M exception exit] on CPU 0
Exception return: magic PC fffffff9 previous exception 49
...tailchaining to pending exception
...taking pending secure exception 58
...loading from element 58 of secure vector table at 0x100000e8
...loaded new PC 0x100013c9
Taking exception 8 [QEMU v7M exception exit] on CPU 0
Exception return: magic PC fffffff9 previous exception 58
...successful exception return
Taking exception 5 [IRQ] on CPU 0
...taking pending secure exception 19
...loading from element 19 of secure vector table at 0x1000004c
...loaded new PC 0x100013c9
Taking exception 8 [QEMU v7M exception exit] on CPU 0
Exception return: magic PC fffffff9 previous exception 19
...tailchaining to pending exception
...taking pending secure exception 49
...loading from element 49 of secure vector table at 0x100000c4
...loaded new PC 0x100013c9
Taking exception 8 [QEMU v7M exception exit] on CPU 0
Exception return: magic PC fffffff9 previous exception 49
...tailchaining to pending exception
...taking pending secure exception 58
...loading from element 58 of secure vector table at 0x100000e8
...loaded new PC 0x100013c9
Taking exception 8 [QEMU v7M exception exit] on CPU 0
Exception return: magic PC fffffff9 previous exception 58
...successful exception return
Taking exception 5 [IRQ] on CPU 0
...taking pending secure exception 49
...loading from element 49 of secure vector table at 0x100000c4
...loaded new PC 0x100013c9
Taking exception 8 [QEMU v7M exception exit] on CPU 0
Exception return: magic PC fffffff9 previous exception 49
...tailchaining to pending exception
...taking pending secure exception 58
...loading from element 58 of secure vector table at 0x100000e8
...loaded new PC 0x100013c9
Taking exception 8 [QEMU v7M exception exit] on CPU 0
Exception return: magic PC fffffff9 previous exception 58
...successful exception return
Taking exception 5 [IRQ] on CPU 0
...taking pending secure exception 49
...loading from element 49 of secure vector table at 0x100000c4
...loaded new PC 0x100013c9
Taking exception 8 [QEMU v7M exception exit] on CPU 0
Exception return: magic PC fffffff9 previous exception 49
...tailchaining to pending exception
...taking pending secure exception 58
...loading from element 58 of secure vector table at 0x100000e8
...loaded new PC 0x100013c9
Taking exception 8 [QEMU v7M exception exit] on CPU 0
Exception return: magic PC fffffff9 previous exception 58
...successful exception return
Taking exception 5 [IRQ] on CPU 0
...taking pending secure exception 49
...loading from element 49 of secure vector table at 0x100000c4
...loaded new PC 0x100013c9
Taking exception 8 [QEMU v7M exception exit] on CPU 0
Exception return: magic PC fffffff9 previous exception 49
...tailchaining to pending exception
...taking pending secure exception 58
...loading from element 58 of secure vector table at 0x100000e8
...loaded new PC 0x100013c9
Taking exception 8 [QEMU v7M exception exit] on CPU 0
Exception return: magic PC fffffff9 previous exception 58
...successful exception return
Taking exception 2 [SVC] on CPU 0
...taking pending secure exception 11
...loading from element 11 of secure vector table at 0x1000002c
...loaded new PC 0x100013c9
Taking exception 8 [QEMU v7M exception exit] on CPU 0
Exception return: magic PC fffffff9 previous exception 11
...successful exception return
Taking exception 5 [IRQ] on CPU 0
...taking pending secure exception 49
...loading from element 49 of secure vector table at 0x100000c4
...loaded new PC 0x100013c9
Taking exception 8 [QEMU v7M exception exit] on CPU 0
Exception return: magic PC fffffff9 previous exception 49
...tailchaining to pending exception
...taking pending secure exception 58
...loading from element 58 of secure vector table at 0x100000e8
...loaded new PC 0x100013c9
Taking exception 8 [QEMU v7M exception exit] on CPU 0
Exception return: magic PC fffffff9 previous exception 58
...successful exception return
Taking exception 2 [SVC] on CPU 0
...taking pending secure exception 11
...loading from element 11 of secure vector table at 0x1000002c
...loaded new PC 0x100013c9
Taking exception 8 [QEMU v7M exception exit] on CPU 0
Exception return: magic PC fffffff9 previous exception 11
...successful exception return
Taking exception 5 [IRQ] on CPU 0
...taking pending secure exception 19
...loading from element 19 of secure vector table at 0x1000004c
...loaded new PC 0x100013c9
Taking exception 8 [QEMU v7M exception exit] on CPU 0
Exception return: magic PC fffffff9 previous exception 19
...successful exception return
Taking exception 2 [SVC] on CPU 0
...taking pending secure exception 11
...loading from element 11 of secure vector table at 0x1000002c
...loaded new PC 0x100013c9
Taking exception 8 [QEMU v7M exception exit] on CPU 0
Exception return: magic PC fffffff9 previous exception 11
...successful exception return
Taking exception 5 [IRQ] on CPU 0
...taking pending secure exception 49
...loading from element 49 of secure vector table at 0x100000c4
...loaded new PC 0x100013c9
Taking exception 8 [QEMU v7M exception exit] on CPU 0
Exception return: magic PC fffffff9 previous exception 49
...tailchaining to pending exception
...taking pending secure exception 58
...loading from element 58 of secure vector table at 0x100000e8
...loaded new PC 0x100013c9
Taking exception 8 [QEMU v7M exception exit] on CPU 0
Exception return: magic PC fffffff9 previous exception 58
...successful exception return
Taking exception 2 [SVC] on CPU 0
...taking pending secure exception 11
...loading from element 11 of secure vector table at 0x1000002c
...loaded new PC 0x100013c9
Taking exception 8 [QEMU v7M exception exit] on CPU 0
Exception return: magic PC fffffff9 previous exception 11
...successful exception return
Taking exception 5 [IRQ] on CPU 0
...taking pending secure exception 19
...loading from element 19 of secure vector table at 0x1000004c
...loaded new PC 0x100013c9
Taking exception 8 [QEMU v7M exception exit] on CPU 0
Exception return: magic PC fffffff9 previous exception 19
...successful exception return
Taking exception 2 [SVC] on CPU 0
...taking pending secure exception 11
...loading from element 11 of secure vector table at 0x1000002c
...loaded new PC 0x100013c9
Taking exception 8 [QEMU v7M exception exit] on CPU 0
Exception return: magic PC fffffff9 previous exception 11
...successful exception return
Taking exception 2 [SVC] on CPU 0
...taking pending secure exception 11
...loading from element 11 of secure vector table at 0x1000002c
...loaded new PC 0x100013c9
Taking exception 8 [QEMU v7M exception exit] on CPU 0
Exception return: magic PC fffffff9 previous exception 11
...successful exception return
Taking exception 5 [IRQ] on CPU 0
...taking pending secure exception 19
...loading from element 19 of secure vector table at 0x1000004c
...loaded new PC 0x100013c9
Taking exception 8 [QEMU v7M exception exit] on CPU 0
Exception return: magic PC fffffff9 previous exception 19
...successful exception return
Taking exception 5 [IRQ] on CPU 0
...taking pending secure exception 19
...loading from element 19 of secure vector table at 0x1000004c
...loaded new PC 0x100013c9
Taking exception 8 [QEMU v7M exception exit] on CPU 0
Exception return: magic PC fffffff9 previous exception 19
...successful exception return
Taking exception 5 [IRQ] on CPU 0
...taking pending secure exception 19
...loading from element 19 of secure vector table at 0x1000004c
...loaded new PC 0x100013c9
Taking exception 8 [QEMU v7M exception exit] on CPU 0
Exception return: magic PC fffffff9 previous exception 19
...successful exception return
Taking exception 5 [IRQ] on CPU 0
...taking pending secure exception 19
...loading from element 19 of secure vector table at 0x1000004c
...loaded new PC 0x100013c9
Taking exception 8 [QEMU v7M exception exit] on CPU 0
Exception return: magic PC fffffff9 previous exception 19
...successful exception return
Taking exception 5 [IRQ] on CPU 0
...taking pending secure exception 19
...loading from element 19 of secure vector table at 0x1000004c
...loaded new PC 0x100013c9
Taking exception 8 [QEMU v7M exception exit] on CPU 0
Exception return: magic PC fffffff9 previous exception 19
...successful exception return
Taking exception 5 [IRQ] on CPU 0
...taking pending secure exception 19
...loading from element 19 of secure vector table at 0x1000004c
...loaded new PC 0x100013c9
Taking exception 8 [QEMU v7M exception exit] on CPU 0
Exception return: magic PC fffffff9 previous exception 19
...successful exception return
Taking exception 5 [IRQ] on CPU 0
...taking pending secure exception 19
...loading from element 19 of secure vector table at 0x1000004c
...loaded new PC 0x100013c9
Taking exception 8 [QEMU v7M exception exit] on CPU 0
Exception return: magic PC fffffff9 previous exception 19
...successful exception return
Taking exception 5 [IRQ] on CPU 0
...taking pending secure exception 19
...loading from element 19 of secure vector table at 0x1000004c
...loaded new PC 0x100013c9
Taking exception 8 [QEMU v7M exception exit] on CPU 0
Exception return: magic PC fffffff9 previous exception 19
...successful exception return
Taking exception 5 [IRQ] on CPU 0
...taking pending secure exception 19
...loading from element 19 of secure vector table at 0x1000004c
...loaded new PC 0x100013c9
Taking exception 8 [QEMU v7M exception exit] on CPU 0
Exception return: magic PC fffffff9 previous exception 19
...successful exception return
Taking exception 5 [IRQ] on CPU 0
...taking pending secure exception 19
...loading from element 19 of secure vector table at 0x1000004c
...loaded new PC 0x100013c9
Taking exception 8 [QEMU v7M exception exit] on CPU 0
Exception return: magic PC fffffff9 previous exception 19
...successful exception return
Taking exception 5 [IRQ] on CPU 0
...taking pending secure exception 19
...loading from element 19 of secure vector table at 0x1000004c
...loaded new PC 0x100013c9
Taking exception 8 [QEMU v7M exception exit] on CPU 0
Exception return: magic PC fffffff9 previous exception 19
...successful exception return
Taking exception 5 [IRQ] on CPU 0
...taking pending secure exception 19
...loading from element 19 of secure vector table at 0x1000004c
...loaded new PC 0x100013c9
Taking exception 8 [QEMU v7M exception exit] on CPU 0
Exception return: magic PC fffffff9 previous exception 19
...tailchaining to pending exception
...taking pending secure exception 48
...loading from element 48 of secure vector table at 0x100000c0
...loaded new PC 0x100013c9
Taking exception 8 [QEMU v7M exception exit] on CPU 0
Exception return: magic PC fffffff9 previous exception 48
...successful exception return
Taking exception 5 [IRQ] on CPU 0
...taking pending secure exception 48
...loading from element 48 of secure vector table at 0x100000c0
...loaded new PC 0x100013c9
Taking exception 8 [QEMU v7M exception exit] on CPU 0
Exception return: magic PC fffffff9 previous exception 48
...tailchaining to pending exception
...taking pending secure exception 58
...loading from element 58 of secure vector table at 0x100000e8
...loaded new PC 0x100013c9
Taking exception 8 [QEMU v7M exception exit] on CPU 0
Exception return: magic PC fffffff9 previous exception 58
...successful exception return
Taking exception 5 [IRQ] on CPU 0
...taking pending secure exception 48
...loading from element 48 of secure vector table at 0x100000c0
...loaded new PC 0x100013c9
Taking exception 8 [QEMU v7M exception exit] on CPU 0
Exception return: magic PC fffffff9 previous exception 48
...tailchaining to pending exception
...taking pending secure exception 48
...loading from element 48 of secure vector table at 0x100000c0
...loaded new PC 0x100013c9
Taking exception 8 [QEMU v7M exception exit] on CPU 0
Exception return: magic PC fffffff9 previous exception 48
...tailchaining to pending exception
...taking pending secure exception 58
...loading from element 58 of secure vector table at 0x100000e8
...loaded new PC 0x100013c9
Taking exception 8 [QEMU v7M exception exit] on CPU 0
Exception return: magic PC fffffff9 previous exception 58
...successful exception return
Taking exception 5 [IRQ] on CPU 0
...taking pending secure exception 48
...loading from element 48 of secure vector table at 0x100000c0
...loaded new PC 0x100013c9
Taking exception 8 [QEMU v7M exception exit] on CPU 0
Exception return: magic PC fffffff9 previous exception 48
...tailchaining to pending exception
...taking pending secure exception 58
...loading from element 58 of secure vector table at 0x100000e8
...loaded new PC 0x100013c9
Taking exception 8 [QEMU v7M exception exit] on CPU 0
Exception return: magic PC fffffff9 previous exception 58
...tailchaining to pending exception
...taking pending secure exception 48
...loading from element 48 of secure vector table at 0x100000c0
...loaded new PC 0x100013c9
Taking exception 8 [QEMU v7M exception exit] on CPU 0
Exception return: magic PC fffffff9 previous exception 48
...tailchaining to pending exception
...taking pending secure exception 48
...loading from element 48 of secure vector table at 0x100000c0
...loaded new PC 0x100013c9
Taking exception 8 [QEMU v7M exception exit] on CPU 0
Exception return: magic PC fffffff9 previous exception 48
...tailchaining to pending exception
...taking pending secure exception 58
...loading from element 58 of secure vector table at 0x100000e8
...loaded new PC 0x100013c9
Taking exception 8 [QEMU v7M exception exit] on CPU 0
Exception return: magic PC fffffff9 previous exception 58
...successful exception return
Taking exception 5 [IRQ] on CPU 0
...taking pending secure exception 19
...loading from element 19 of secure vector table at 0x1000004c
...loaded new PC 0x100013c9
Taking exception 8 [QEMU v7M exception exit] on CPU 0
Exception return: magic PC fffffff9 previous exception 19
...successful exception return
Taking exception 5 [IRQ] on CPU 0
...taking pending secure exception 48
...loading from element 48 of secure vector table at 0x100000c0
...loaded new PC 0x100013c9
Taking exception 8 [QEMU v7M exception exit] on CPU 0
Exception return: magic PC fffffff9 previous exception 48
...tailchaining to pending exception
...taking pending secure exception 58
...loading from element 58 of secure vector table at 0x100000e8
...loaded new PC 0x100013c9
Taking exception 8 [QEMU v7M exception exit] on CPU 0
Exception return: magic PC fffffff9 previous exception 58
...successful exception return
Taking exception 5 [IRQ] on CPU 0
...taking pending secure exception 48
...loading from element 48 of secure vector table at 0x100000c0
...loaded new PC 0x100013c9
Taking exception 8 [QEMU v7M exception exit] on CPU 0
Exception return: magic PC fffffff9 previous exception 48
...tailchaining to pending exception
...taking pending secure exception 58
...loading from element 58 of secure vector table at 0x100000e8
...loaded new PC 0x100013c9
Taking exception 8 [QEMU v7M exception exit] on CPU 0
Exception return: magic PC fffffff9 previous exception 58
...tailchaining to pending exception
...taking pending secure exception 48
...loading from element 48 of secure vector table at 0x100000c0
...loaded new PC 0x100013c9
Taking exception 8 [QEMU v7M exception exit] on CPU 0
Exception return: magic PC fffffff9 previous exception 48
...tailchaining to pending exception
...taking pending secure exception 58
...loading from element 58 of secure vector table at 0x100000e8
...loaded new PC 0x100013c9
Taking exception 8 [QEMU v7M exception exit] on CPU 0
Exception return: magic PC fffffff9 previous exception 58
...successful exception return
Taking exception 5 [IRQ] on CPU 0
...taking pending secure exception 48
...loading from element 48 of secure vector table at 0x100000c0
...loaded new PC 0x100013c9
Taking exception 8 [QEMU v7M exception exit] on CPU 0
Exception return: magic PC fffffff9 previous exception 48
...tailchaining to pending exception
...taking pending secure exception 58
...loading from element 58 of secure vector table at 0x100000e8
...loaded new PC 0x100013c9
Taking exception 8 [QEMU v7M exception exit] on CPU 0
Exception return: magic PC fffffff9 previous exception 58
...successful exception return
Taking exception 5 [IRQ] on CPU 0
...taking pending secure exception 49
...loading from element 49 of secure vector table at 0x100000c4
...loaded new PC 0x100013c9
Taking exception 8 [QEMU v7M exception exit] on CPU 0
Exception return: magic PC fffffff9 previous exception 49
...tailchaining to pending exception
...taking pending secure exception 58
...loading from element 58 of secure vector table at 0x100000e8
...loaded new PC 0x100013c9
Taking exception 8 [QEMU v7M exception exit] on CPU 0
Exception return: magic PC fffffff9 previous exception 58
...successful exception return
Taking exception 5 [IRQ] on CPU 0
...taking pending secure exception 49
...loading from element 49 of secure vector table at 0x100000c4
...loaded new PC 0x100013c9
Taking exception 8 [QEMU v7M exception exit] on CPU 0
Exception return: magic PC fffffff9 previous exception 49
...tailchaining to pending exception
...taking pending secure exception 58
...loading from element 58 of secure vector table at 0x100000e8
...loaded new PC 0x100013c9
Taking exception 8 [QEMU v7M exception exit] on CPU 0
Exception return: magic PC fffffff9 previous exception 58
...successful exception return
Taking exception 5 [IRQ] on CPU 0
...taking pending secure exception 49
...loading from element 49 of secure vector table at 0x100000c4
...loaded new PC 0x100013c9
Taking exception 8 [QEMU v7M exception exit] on CPU 0
Exception return: magic PC fffffff9 previous exception 49
...tailchaining to pending exception
...taking pending secure exception 58
...loading from element 58 of secure vector table at 0x100000e8
...loaded new PC 0x100013c9
Taking exception 8 [QEMU v7M exception exit] on CPU 0
Exception return: magic PC fffffff9 previous exception 58
...successful exception return
Taking exception 5 [IRQ] on CPU 0
...taking pending secure exception 49
...loading from element 49 of secure vector table at 0x100000c4
...loaded new PC 0x100013c9
Taking exception 8 [QEMU v7M exception exit] on CPU 0
Exception return: magic PC fffffff9 previous exception 49
...tailchaining to pending exception
...taking pending secure exception 58
...loading from element 58 of secure vector table at 0x100000e8
...loaded new PC 0x100013c9
Taking exception 8 [QEMU v7M exception exit] on CPU 0
Exception return: magic PC fffffff9 previous exception 58
...successful exception return
Taking exception 5 [IRQ] on CPU 0
...taking pending secure exception 49
...loading from element 49 of secure vector table at 0x100000c4
...loaded new PC 0x100013c9
Taking exception 8 [QEMU v7M exception exit] on CPU 0
Exception return: magic PC fffffff9 previous exception 49
...tailchaining to pending exception
...taking pending secure exception 58
...loading from element 58 of secure vector table at 0x100000e8
...loaded new PC 0x100013c9
Taking exception 8 [QEMU v7M exception exit] on CPU 0
Exception return: magic PC fffffff9 previous exception 58
...successful exception return
Taking exception 5 [IRQ] on CPU 0
...taking pending secure exception 49
...loading from element 49 of secure vector table at 0x100000c4
...loaded new PC 0x100013c9
Taking exception 8 [QEMU v7M exception exit] on CPU 0
Exception return: magic PC fffffff9 previous exception 49
...tailchaining to pending exception
...taking pending secure exception 58
...loading from element 58 of secure vector table at 0x100000e8
...loaded new PC 0x100013c9
Taking exception 8 [QEMU v7M exception exit] on CPU 0
Exception return: magic PC fffffff9 previous exception 58
...successful exception return
Taking exception 5 [IRQ] on CPU 0
...taking pending secure exception 49
...loading from element 49 of secure vector table at 0x100000c4
...loaded new PC 0x100013c9
Taking exception 8 [QEMU v7M exception exit] on CPU 0
Exception return: magic PC fffffff9 previous exception 49
...tailchaining to pending exception
...taking pending secure exception 58
...loading from element 58 of secure vector table at 0x100000e8
...loaded new PC 0x100013c9
Taking exception 8 [QEMU v7M exception exit] on CPU 0
Exception return: magic PC fffffff9 previous exception 58
...successful exception return
Taking exception 5 [IRQ] on CPU 0
...taking pending secure exception 49
...loading from element 49 of secure vector table at 0x100000c4
...loaded new PC 0x100013c9
Taking exception 8 [QEMU v7M exception exit] on CPU 0
Exception return: magic PC fffffff9 previous exception 49
...tailchaining to pending exception
...taking pending secure exception 58
...loading from element 58 of secure vector table at 0x100000e8
...loaded new PC 0x100013c9
Taking exception 8 [QEMU v7M exception exit] on CPU 0
Exception return: magic PC fffffff9 previous exception 58
...successful exception return
Taking exception 5 [IRQ] on CPU 0
...taking pending secure exception 49
...loading from element 49 of secure vector table at 0x100000c4
...loaded new PC 0x100013c9
Taking exception 8 [QEMU v7M exception exit] on CPU 0
Exception return: magic PC fffffff9 previous exception 49
...tailchaining to pending exception
...taking pending secure exception 58
...loading from element 58 of secure vector table at 0x100000e8
...loaded new PC 0x100013c9
Taking exception 8 [QEMU v7M exception exit] on CPU 0
Exception return: magic PC fffffff9 previous exception 58
...successful exception return
Taking exception 5 [IRQ] on CPU 0
...taking pending secure exception 49
...loading from element 49 of secure vector table at 0x100000c4
...loaded new PC 0x100013c9
Taking exception 8 [QEMU v7M exception exit] on CPU 0
Exception return: magic PC fffffff9 previous exception 49
...tailchaining to pending exception
...taking pending secure exception 58
...loading from element 58 of secure vector table at 0x100000e8
...loaded new PC 0x100013c9
Taking exception 8 [QEMU v7M exception exit] on CPU 0
Exception return: magic PC fffffff9 previous exception 58
...successful exception return
Taking exception 5 [IRQ] on CPU 0
...taking pending secure exception 49
...loading from element 49 of secure vector table at 0x100000c4
...loaded new PC 0x100013c9
Taking exception 8 [QEMU v7M exception exit] on CPU 0
Exception return: magic PC fffffff9 previous exception 49
...tailchaining to pending exception
...taking pending secure exception 58
...loading from element 58 of secure vector table at 0x100000e8
...loaded new PC 0x100013c9
Taking exception 8 [QEMU v7M exception exit] on CPU 0
Exception return: magic PC fffffff9 previous exception 58
...successful exception return
Taking exception 5 [IRQ] on CPU 0
...taking pending secure exception 19
...loading from element 19 of secure vector table at 0x1000004c
...loaded new PC 0x100013c9
Taking exception 8 [QEMU v7M exception exit] on CPU 0
Exception return: magic PC fffffff9 previous exception 19
...successful exception return
Taking exception 1 [Undefined Instruction] on CPU 0
...taking pending secure exception 6
...loading from element 6 of secure vector table at 0x10000018
...loaded new PC 0x100013c9
CMSDK APB UART: transmit data write with Tx disabled
