
=== 2-1 ===
qemu-system-arm: warning: nic lan9118.0 has no peer
qemu-system-arm: terminating on signal 15 from pid 61010 (<unknown process>)

=== 2-2 ===
qemu-system-arm: warning: nic lan9118.0 has no peer
qemu-system-arm: terminating on signal 15 from pid 61010 (<unknown process>)

=== 4-1 ===
qemu-system-arm: warning: nic lan9118.0 has no peer
qemu-system-arm: terminating on signal 15 from pid 61010 (<unknown process>)

=== 4-2 ===
qemu-system-arm: warning: nic lan9118.0 has no peer
qemu-system-arm: terminating on signal 15 from pid 61010 (<unknown process>)

=== 5-1 ===
qemu-system-arm: warning: nic lan9118.0 has no peer
qemu: fatal: Lockup: can't escalate 3 to HardFault (current priority -1)

R00=00000000 R01=00000000 R02=60000000 R03=00000020
R04=80002080 R05=8003b32c R06=00000000 R07=8000006c
R08=00000002 R09=00000000 R10=00000018 R11=00000000
R12=00000001 R13=5fffffe0 R14=fffffff1 R15=10001434
XPSR=41000003 -Z-- T S handler
s00=00000000 s01=00000000 d00=0000000000000000
s02=00000000 s03=00000000 d01=0000000000000000
s04=00000000 s05=00000000 d02=0000000000000000
s06=00000000 s07=00000000 d03=0000000000000000
s08=00000000 s09=00000000 d04=0000000000000000
s10=00000000 s11=00000000 d05=0000000000000000
s12=00000000 s13=00000000 d06=0000000000000000
s14=00000000 s15=00000000 d07=0000000000000000
s16=00000000 s17=00000000 d08=0000000000000000
s18=00000000 s19=00000000 d09=0000000000000000
s20=00000000 s21=00000000 d10=0000000000000000
s22=00000000 s23=00000000 d11=0000000000000000
s24=00000000 s25=00000000 d12=0000000000000000
s26=00000000 s27=00000000 d13=0000000000000000
s28=00000000 s29=00000000 d14=0000000000000000
s30=00000000 s31=00000000 d15=0000000000000000
FPSCR: 00000000

=== 5-2 ===
qemu-system-arm: warning: nic lan9118.0 has no peer
qemu: fatal: Lockup: can't escalate 3 to HardFault (current priority -1)

R00=00000000 R01=00000000 R02=60000000 R03=00000020
R04=80002080 R05=8003b32c R06=00000000 R07=8000006c
R08=00000002 R09=00000000 R10=00000018 R11=00000000
R12=00000001 R13=5fffffe0 R14=fffffff1 R15=10001434
XPSR=41000003 -Z-- T S handler
s00=00000000 s01=00000000 d00=0000000000000000
s02=00000000 s03=00000000 d01=0000000000000000
s04=00000000 s05=00000000 d02=0000000000000000
s06=00000000 s07=00000000 d03=0000000000000000
s08=00000000 s09=00000000 d04=0000000000000000
s10=00000000 s11=00000000 d05=0000000000000000
s12=00000000 s13=00000000 d06=0000000000000000
s14=00000000 s15=00000000 d07=0000000000000000
s16=00000000 s17=00000000 d08=0000000000000000
s18=00000000 s19=00000000 d09=0000000000000000
s20=00000000 s21=00000000 d10=0000000000000000
s22=00000000 s23=00000000 d11=0000000000000000
s24=00000000 s25=00000000 d12=0000000000000000
s26=00000000 s27=00000000 d13=0000000000000000
s28=00000000 s29=00000000 d14=0000000000000000
s30=00000000 s31=00000000 d15=0000000000000000
FPSCR: 00000000

=== 6-1 ===
qemu-system-arm: warning: nic lan9118.0 has no peer
qemu-system-arm: terminating on signal 15 from pid 61010 (<unknown process>)

=== 6-2 ===
qemu-system-arm: warning: nic lan9118.0 has no peer
qemu-system-arm: terminating on signal 15 from pid 61010 (<unknown process>)
