Loaded reset SP 0x0 PC 0x0 from vector table
Loaded reset SP 0x8002d438 PC 0x100001b1 from vector table
Taking exception 5 [IRQ] on CPU 0
...taking pending secure exception 19
...loading from element 19 of secure vector table at 0x1000004c
...loaded new PC 0x1000135d
Taking exception 8 [QEMU v7M exception exit] on CPU 0
Exception return: magic PC fffffff9 previous exception 19
...successful exception return
Taking exception 5 [IRQ] on CPU 0
...taking pending secure exception 19
...loading from element 19 of secure vector table at 0x1000004c
...loaded new PC 0x1000135d
Taking exception 8 [QEMU v7M exception exit] on CPU 0
Exception return: magic PC fffffff9 previous exception 19
...successful exception return
Taking exception 5 [IRQ] on CPU 0
...taking pending secure exception 19
...loading from element 19 of secure vector table at 0x1000004c
...loaded new PC 0x1000135d
Taking exception 8 [QEMU v7M exception exit] on CPU 0
Exception return: magic PC fffffff9 previous exception 19
...successful exception return
Taking exception 5 [IRQ] on CPU 0
...taking pending secure exception 19
...loading from element 19 of secure vector table at 0x1000004c
...loaded new PC 0x1000135d
Taking exception 8 [QEMU v7M exception exit] on CPU 0
Exception return: magic PC fffffff9 previous exception 19
...successful exception return
Taking exception 5 [IRQ] on CPU 0
...taking pending secure exception 19
...loading from element 19 of secure vector table at 0x1000004c
...loaded new PC 0x1000135d
Taking exception 8 [QEMU v7M exception exit] on CPU 0
Exception return: magic PC fffffff9 previous exception 19
...successful exception return
Taking exception 5 [IRQ] on CPU 0
...taking pending secure exception 19
...loading from element 19 of secure vector table at 0x1000004c
...loaded new PC 0x1000135d
Taking exception 8 [QEMU v7M exception exit] on CPU 0
Exception return: magic PC fffffff9 previous exception 19
...successful exception return
Taking exception 5 [IRQ] on CPU 0
...taking pending secure exception 19
...loading from element 19 of secure vector table at 0x1000004c
...loaded new PC 0x1000135d
Taking exception 8 [QEMU v7M exception exit] on CPU 0
Exception return: magic PC fffffff9 previous exception 19
...successful exception return
Taking exception 5 [IRQ] on CPU 0
...taking pending secure exception 19
...loading from element 19 of secure vector table at 0x1000004c
...loaded new PC 0x1000135d
Taking exception 8 [QEMU v7M exception exit] on CPU 0
Exception return: magic PC fffffff9 previous exception 19
...successful exception return
Taking exception 5 [IRQ] on CPU 0
...taking pending secure exception 19
...loading from element 19 of secure vector table at 0x1000004c
...loaded new PC 0x1000135d
Taking exception 8 [QEMU v7M exception exit] on CPU 0
Exception return: magic PC fffffff9 previous exception 19
...successful exception return
Taking exception 5 [IRQ] on CPU 0
...taking pending secure exception 19
...loading from element 19 of secure vector table at 0x1000004c
...loaded new PC 0x1000135d
Taking exception 8 [QEMU v7M exception exit] on CPU 0
Exception return: magic PC fffffff9 previous exception 19
...successful exception return
Taking exception 5 [IRQ] on CPU 0
...taking pending secure exception 19
...loading from element 19 of secure vector table at 0x1000004c
...loaded new PC 0x1000135d
Taking exception 8 [QEMU v7M exception exit] on CPU 0
Exception return: magic PC fffffff9 previous exception 19
...successful exception return
Taking exception 5 [IRQ] on CPU 0
...taking pending secure exception 19
...loading from element 19 of secure vector table at 0x1000004c
...loaded new PC 0x1000135d
Taking exception 8 [QEMU v7M exception exit] on CPU 0
Exception return: magic PC fffffff9 previous exception 19
...successful exception return
Taking exception 5 [IRQ] on CPU 0
...taking pending secure exception 19
...loading from element 19 of secure vector table at 0x1000004c
...loaded new PC 0x1000135d
Taking exception 8 [QEMU v7M exception exit] on CPU 0
Exception return: magic PC fffffff9 previous exception 19
...successful exception return
Taking exception 5 [IRQ] on CPU 0
...taking pending secure exception 19
...loading from element 19 of secure vector table at 0x1000004c
...loaded new PC 0x1000135d
Taking exception 8 [QEMU v7M exception exit] on CPU 0
Exception return: magic PC fffffff9 previous exception 19
...successful exception return
Taking exception 5 [IRQ] on CPU 0
...taking pending secure exception 19
...loading from element 19 of secure vector table at 0x1000004c
...loaded new PC 0x1000135d
Taking exception 8 [QEMU v7M exception exit] on CPU 0
Exception return: magic PC fffffff9 previous exception 19
...successful exception return
Taking exception 5 [IRQ] on CPU 0
...taking pending secure exception 19
...loading from element 19 of secure vector table at 0x1000004c
...loaded new PC 0x1000135d
Taking exception 8 [QEMU v7M exception exit] on CPU 0
Exception return: magic PC fffffff9 previous exception 19
...successful exception return
Taking exception 5 [IRQ] on CPU 0
...taking pending secure exception 19
...loading from element 19 of secure vector table at 0x1000004c
...loaded new PC 0x1000135d
Taking exception 8 [QEMU v7M exception exit] on CPU 0
Exception return: magic PC fffffff9 previous exception 19
...successful exception return
Taking exception 5 [IRQ] on CPU 0
...taking pending secure exception 19
...loading from element 19 of secure vector table at 0x1000004c
...loaded new PC 0x1000135d
Taking exception 8 [QEMU v7M exception exit] on CPU 0
Exception return: magic PC fffffff9 previous exception 19
...successful exception return
Taking exception 2 [SVC] on CPU 0
...taking pending secure exception 11
...loading from element 11 of secure vector table at 0x1000002c
...loaded new PC 0x1000135d
Taking exception 8 [QEMU v7M exception exit] on CPU 0
Exception return: magic PC fffffff9 previous exception 11
...successful exception return
Taking exception 5 [IRQ] on CPU 0
...taking pending secure exception 19
...loading from element 19 of secure vector table at 0x1000004c
...loaded new PC 0x1000135d
Taking exception 8 [QEMU v7M exception exit] on CPU 0
Exception return: magic PC fffffff9 previous exception 19
...successful exception return
Taking exception 2 [SVC] on CPU 0
...taking pending secure exception 11
...loading from element 11 of secure vector table at 0x1000002c
...loaded new PC 0x1000135d
Taking exception 8 [QEMU v7M exception exit] on CPU 0
Exception return: magic PC fffffff9 previous exception 11
...successful exception return
Taking exception 2 [SVC] on CPU 0
...taking pending secure exception 11
...loading from element 11 of secure vector table at 0x1000002c
...loaded new PC 0x1000135d
Taking exception 8 [QEMU v7M exception exit] on CPU 0
Exception return: magic PC fffffff9 previous exception 11
...successful exception return
Taking exception 5 [IRQ] on CPU 0
...taking pending secure exception 49
...loading from element 49 of secure vector table at 0x100000c4
...loaded new PC 0x1000135d
Taking exception 8 [QEMU v7M exception exit] on CPU 0
Exception return: magic PC fffffff9 previous exception 49
...tailchaining to pending exception
...taking pending secure exception 58
...loading from element 58 of secure vector table at 0x100000e8
...loaded new PC 0x1000135d
Taking exception 8 [QEMU v7M exception exit] on CPU 0
Exception return: magic PC fffffff9 previous exception 58
...successful exception return
Taking exception 5 [IRQ] on CPU 0
...taking pending secure exception 49
...loading from element 49 of secure vector table at 0x100000c4
...loaded new PC 0x1000135d
Taking exception 8 [QEMU v7M exception exit] on CPU 0
Exception return: magic PC fffffff9 previous exception 49
...tailchaining to pending exception
...taking pending secure exception 58
...loading from element 58 of secure vector table at 0x100000e8
...loaded new PC 0x1000135d
Taking exception 8 [QEMU v7M exception exit] on CPU 0
Exception return: magic PC fffffff9 previous exception 58
...successful exception return
Taking exception 5 [IRQ] on CPU 0
...taking pending secure exception 49
...loading from element 49 of secure vector table at 0x100000c4
...loaded new PC 0x1000135d
Taking exception 8 [QEMU v7M exception exit] on CPU 0
Exception return: magic PC fffffff9 previous exception 49
...tailchaining to pending exception
...taking pending secure exception 58
...loading from element 58 of secure vector table at 0x100000e8
...loaded new PC 0x1000135d
Taking exception 8 [QEMU v7M exception exit] on CPU 0
Exception return: magic PC fffffff9 previous exception 58
...successful exception return
Taking exception 5 [IRQ] on CPU 0
...taking pending secure exception 49
...loading from element 49 of secure vector table at 0x100000c4
...loaded new PC 0x1000135d
Taking exception 8 [QEMU v7M exception exit] on CPU 0
Exception return: magic PC fffffff9 previous exception 49
...tailchaining to pending exception
...taking pending secure exception 58
...loading from element 58 of secure vector table at 0x100000e8
...loaded new PC 0x1000135d
Taking exception 8 [QEMU v7M exception exit] on CPU 0
Exception return: magic PC fffffff9 previous exception 58
...successful exception return
Taking exception 5 [IRQ] on CPU 0
...taking pending secure exception 49
...loading from element 49 of secure vector table at 0x100000c4
...loaded new PC 0x1000135d
Taking exception 8 [QEMU v7M exception exit] on CPU 0
Exception return: magic PC fffffff9 previous exception 49
...tailchaining to pending exception
...taking pending secure exception 58
...loading from element 58 of secure vector table at 0x100000e8
...loaded new PC 0x1000135d
Taking exception 8 [QEMU v7M exception exit] on CPU 0
Exception return: magic PC fffffff9 previous exception 58
...successful exception return
Taking exception 5 [IRQ] on CPU 0
...taking pending secure exception 49
...loading from element 49 of secure vector table at 0x100000c4
...loaded new PC 0x1000135d
Taking exception 8 [QEMU v7M exception exit] on CPU 0
Exception return: magic PC fffffff9 previous exception 49
...tailchaining to pending exception
...taking pending secure exception 58
...loading from element 58 of secure vector table at 0x100000e8
...loaded new PC 0x1000135d
Taking exception 8 [QEMU v7M exception exit] on CPU 0
Exception return: magic PC fffffff9 previous exception 58
...successful exception return
Taking exception 5 [IRQ] on CPU 0
...taking pending secure exception 19
...loading from element 19 of secure vector table at 0x1000004c
...loaded new PC 0x1000135d
Taking exception 8 [QEMU v7M exception exit] on CPU 0
Exception return: magic PC fffffff9 previous exception 19
...successful exception return
Taking exception 5 [IRQ] on CPU 0
...taking pending secure exception 49
...loading from element 49 of secure vector table at 0x100000c4
...loaded new PC 0x1000135d
Taking exception 8 [QEMU v7M exception exit] on CPU 0
Exception return: magic PC fffffff9 previous exception 49
...tailchaining to pending exception
...taking pending secure exception 58
...loading from element 58 of secure vector table at 0x100000e8
...loaded new PC 0x1000135d
Taking exception 8 [QEMU v7M exception exit] on CPU 0
Exception return: magic PC fffffff9 previous exception 58
...successful exception return
Taking exception 2 [SVC] on CPU 0
...taking pending secure exception 11
...loading from element 11 of secure vector table at 0x1000002c
...loaded new PC 0x1000135d
Taking exception 8 [QEMU v7M exception exit] on CPU 0
Exception return: magic PC fffffff9 previous exception 11
...successful exception return
Taking exception 5 [IRQ] on CPU 0
...taking pending secure exception 49
...loading from element 49 of secure vector table at 0x100000c4
...loaded new PC 0x1000135d
Taking exception 8 [QEMU v7M exception exit] on CPU 0
Exception return: magic PC fffffff9 previous exception 49
...tailchaining to pending exception
...taking pending secure exception 58
...loading from element 58 of secure vector table at 0x100000e8
...loaded new PC 0x1000135d
Taking exception 8 [QEMU v7M exception exit] on CPU 0
Exception return: magic PC fffffff9 previous exception 58
...successful exception return
Taking exception 2 [SVC] on CPU 0
...taking pending secure exception 11
...loading from element 11 of secure vector table at 0x1000002c
...loaded new PC 0x1000135d
Taking exception 8 [QEMU v7M exception exit] on CPU 0
Exception return: magic PC fffffff9 previous exception 11
...successful exception return
Taking exception 5 [IRQ] on CPU 0
...taking pending secure exception 19
...loading from element 19 of secure vector table at 0x1000004c
...loaded new PC 0x1000135d
Taking exception 8 [QEMU v7M exception exit] on CPU 0
Exception return: magic PC fffffff9 previous exception 19
...successful exception return
Taking exception 2 [SVC] on CPU 0
...taking pending secure exception 11
...loading from element 11 of secure vector table at 0x1000002c
...loaded new PC 0x1000135d
Taking exception 8 [QEMU v7M exception exit] on CPU 0
Exception return: magic PC fffffff9 previous exception 11
...successful exception return
Taking exception 5 [IRQ] on CPU 0
...taking pending secure exception 49
...loading from element 49 of secure vector table at 0x100000c4
...loaded new PC 0x1000135d
Taking exception 8 [QEMU v7M exception exit] on CPU 0
Exception return: magic PC fffffff9 previous exception 49
...tailchaining to pending exception
...taking pending secure exception 58
...loading from element 58 of secure vector table at 0x100000e8
...loaded new PC 0x1000135d
Taking exception 8 [QEMU v7M exception exit] on CPU 0
Exception return: magic PC fffffff9 previous exception 58
...successful exception return
Taking exception 2 [SVC] on CPU 0
...taking pending secure exception 11
...loading from element 11 of secure vector table at 0x1000002c
...loaded new PC 0x1000135d
Taking exception 8 [QEMU v7M exception exit] on CPU 0
Exception return: magic PC fffffff9 previous exception 11
...successful exception return
Taking exception 2 [SVC] on CPU 0
...taking pending secure exception 11
...loading from element 11 of secure vector table at 0x1000002c
...loaded new PC 0x1000135d
Taking exception 8 [QEMU v7M exception exit] on CPU 0
Exception return: magic PC fffffff9 previous exception 11
...successful exception return
Taking exception 2 [SVC] on CPU 0
...taking pending secure exception 11
...loading from element 11 of secure vector table at 0x1000002c
...loaded new PC 0x1000135d
Taking exception 8 [QEMU v7M exception exit] on CPU 0
Exception return: magic PC fffffff9 previous exception 11
...successful exception return
Taking exception 5 [IRQ] on CPU 0
...taking pending secure exception 19
...loading from element 19 of secure vector table at 0x1000004c
...loaded new PC 0x1000135d
Taking exception 8 [QEMU v7M exception exit] on CPU 0
Exception return: magic PC fffffff9 previous exception 19
...successful exception return
Taking exception 5 [IRQ] on CPU 0
...taking pending secure exception 19
...loading from element 19 of secure vector table at 0x1000004c
...loaded new PC 0x1000135d
Taking exception 8 [QEMU v7M exception exit] on CPU 0
Exception return: magic PC fffffff9 previous exception 19
...successful exception return
Taking exception 5 [IRQ] on CPU 0
...taking pending secure exception 19
...loading from element 19 of secure vector table at 0x1000004c
...loaded new PC 0x1000135d
Taking exception 8 [QEMU v7M exception exit] on CPU 0
Exception return: magic PC fffffff9 previous exception 19
...successful exception return
Taking exception 5 [IRQ] on CPU 0
...taking pending secure exception 19
...loading from element 19 of secure vector table at 0x1000004c
...loaded new PC 0x1000135d
Taking exception 8 [QEMU v7M exception exit] on CPU 0
Exception return: magic PC fffffff9 previous exception 19
...successful exception return
Taking exception 5 [IRQ] on CPU 0
...taking pending secure exception 19
...loading from element 19 of secure vector table at 0x1000004c
...loaded new PC 0x1000135d
Taking exception 8 [QEMU v7M exception exit] on CPU 0
Exception return: magic PC fffffff9 previous exception 19
...successful exception return
Taking exception 5 [IRQ] on CPU 0
...taking pending secure exception 19
...loading from element 19 of secure vector table at 0x1000004c
...loaded new PC 0x1000135d
Taking exception 8 [QEMU v7M exception exit] on CPU 0
Exception return: magic PC fffffff9 previous exception 19
...successful exception return
Taking exception 5 [IRQ] on CPU 0
...taking pending secure exception 19
...loading from element 19 of secure vector table at 0x1000004c
...loaded new PC 0x1000135d
Taking exception 8 [QEMU v7M exception exit] on CPU 0
Exception return: magic PC fffffff9 previous exception 19
...successful exception return
Taking exception 5 [IRQ] on CPU 0
...taking pending secure exception 19
...loading from element 19 of secure vector table at 0x1000004c
...loaded new PC 0x1000135d
Taking exception 8 [QEMU v7M exception exit] on CPU 0
Exception return: magic PC fffffff9 previous exception 19
...successful exception return
Taking exception 5 [IRQ] on CPU 0
...taking pending secure exception 19
...loading from element 19 of secure vector table at 0x1000004c
...loaded new PC 0x1000135d
Taking exception 8 [QEMU v7M exception exit] on CPU 0
Exception return: magic PC fffffff9 previous exception 19
...successful exception return
Taking exception 5 [IRQ] on CPU 0
...taking pending secure exception 19
...loading from element 19 of secure vector table at 0x1000004c
...loaded new PC 0x1000135d
Taking exception 8 [QEMU v7M exception exit] on CPU 0
Exception return: magic PC fffffff9 previous exception 19
...successful exception return
Taking exception 5 [IRQ] on CPU 0
...taking pending secure exception 19
...loading from element 19 of secure vector table at 0x1000004c
...loaded new PC 0x1000135d
Taking exception 8 [QEMU v7M exception exit] on CPU 0
Exception return: magic PC fffffff9 previous exception 19
...successful exception return
Taking exception 5 [IRQ] on CPU 0
...taking pending secure exception 19
...loading from element 19 of secure vector table at 0x1000004c
...loaded new PC 0x1000135d
Taking exception 8 [QEMU v7M exception exit] on CPU 0
Exception return: magic PC fffffff9 previous exception 19
...successful exception return
Taking exception 5 [IRQ] on CPU 0
...taking pending secure exception 19
...loading from element 19 of secure vector table at 0x1000004c
...loaded new PC 0x1000135d
Taking exception 8 [QEMU v7M exception exit] on CPU 0
Exception return: magic PC fffffff9 previous exception 19
...successful exception return
Taking exception 5 [IRQ] on CPU 0
...taking pending secure exception 19
...loading from element 19 of secure vector table at 0x1000004c
...loaded new PC 0x1000135d
Taking exception 8 [QEMU v7M exception exit] on CPU 0
Exception return: magic PC fffffff9 previous exception 19
...successful exception return
Taking exception 5 [IRQ] on CPU 0
...taking pending secure exception 19
...loading from element 19 of secure vector table at 0x1000004c
...loaded new PC 0x1000135d
Taking exception 8 [QEMU v7M exception exit] on CPU 0
Exception return: magic PC fffffff9 previous exception 19
...successful exception return
Taking exception 5 [IRQ] on CPU 0
...taking pending secure exception 19
...loading from element 19 of secure vector table at 0x1000004c
...loaded new PC 0x1000135d
Taking exception 8 [QEMU v7M exception exit] on CPU 0
Exception return: magic PC fffffff9 previous exception 19
...successful exception return
Taking exception 5 [IRQ] on CPU 0
...taking pending secure exception 19
...loading from element 19 of secure vector table at 0x1000004c
...loaded new PC 0x1000135d
Taking exception 8 [QEMU v7M exception exit] on CPU 0
Exception return: magic PC fffffff9 previous exception 19
...successful exception return
Taking exception 5 [IRQ] on CPU 0
...taking pending secure exception 48
...loading from element 48 of secure vector table at 0x100000c0
...loaded new PC 0x1000135d
Taking exception 8 [QEMU v7M exception exit] on CPU 0
Exception return: magic PC fffffff9 previous exception 48
...successful exception return
Taking exception 5 [IRQ] on CPU 0
...taking pending secure exception 19
...loading from element 19 of secure vector table at 0x1000004c
...loaded new PC 0x1000135d
Taking exception 8 [QEMU v7M exception exit] on CPU 0
Exception return: magic PC fffffff9 previous exception 19
...tailchaining to pending exception
...taking pending secure exception 48
...loading from element 48 of secure vector table at 0x100000c0
...loaded new PC 0x1000135d
Taking exception 8 [QEMU v7M exception exit] on CPU 0
Exception return: magic PC fffffff9 previous exception 48
...tailchaining to pending exception
...taking pending secure exception 48
...loading from element 48 of secure vector table at 0x100000c0
...loaded new PC 0x1000135d
Taking exception 8 [QEMU v7M exception exit] on CPU 0
Exception return: magic PC fffffff9 previous exception 48
...tailchaining to pending exception
...taking pending secure exception 58
...loading from element 58 of secure vector table at 0x100000e8
...loaded new PC 0x1000135d
Taking exception 8 [QEMU v7M exception exit] on CPU 0
Exception return: magic PC fffffff9 previous exception 58
...successful exception return
Taking exception 5 [IRQ] on CPU 0
...taking pending secure exception 48
...loading from element 48 of secure vector table at 0x100000c0
...loaded new PC 0x1000135d
Taking exception 8 [QEMU v7M exception exit] on CPU 0
Exception return: magic PC fffffff9 previous exception 48
...tailchaining to pending exception
...taking pending secure exception 48
...loading from element 48 of secure vector table at 0x100000c0
...loaded new PC 0x1000135d
Taking exception 8 [QEMU v7M exception exit] on CPU 0
Exception return: magic PC fffffff9 previous exception 48
...tailchaining to pending exception
...taking pending secure exception 48
...loading from element 48 of secure vector table at 0x100000c0
...loaded new PC 0x1000135d
Taking exception 8 [QEMU v7M exception exit] on CPU 0
Exception return: magic PC fffffff9 previous exception 48
...tailchaining to pending exception
...taking pending secure exception 48
...loading from element 48 of secure vector table at 0x100000c0
...loaded new PC 0x1000135d
Taking exception 8 [QEMU v7M exception exit] on CPU 0
Exception return: magic PC fffffff9 previous exception 48
...tailchaining to pending exception
...taking pending secure exception 48
...loading from element 48 of secure vector table at 0x100000c0
...loaded new PC 0x1000135d
Taking exception 8 [QEMU v7M exception exit] on CPU 0
Exception return: magic PC fffffff9 previous exception 48
...tailchaining to pending exception
...taking pending secure exception 58
...loading from element 58 of secure vector table at 0x100000e8
...loaded new PC 0x1000135d
Taking exception 8 [QEMU v7M exception exit] on CPU 0
Exception return: magic PC fffffff9 previous exception 58
...tailchaining to pending exception
...taking pending secure exception 48
...loading from element 48 of secure vector table at 0x100000c0
...loaded new PC 0x1000135d
Taking exception 8 [QEMU v7M exception exit] on CPU 0
Exception return: magic PC fffffff9 previous exception 48
...tailchaining to pending exception
...taking pending secure exception 58
...loading from element 58 of secure vector table at 0x100000e8
...loaded new PC 0x1000135d
Taking exception 8 [QEMU v7M exception exit] on CPU 0
Exception return: magic PC fffffff9 previous exception 58
...successful exception return
Taking exception 5 [IRQ] on CPU 0
...taking pending secure exception 49
...loading from element 49 of secure vector table at 0x100000c4
...loaded new PC 0x1000135d
Taking exception 8 [QEMU v7M exception exit] on CPU 0
Exception return: magic PC fffffff9 previous exception 49
...tailchaining to pending exception
...taking pending secure exception 58
...loading from element 58 of secure vector table at 0x100000e8
...loaded new PC 0x1000135d
Taking exception 8 [QEMU v7M exception exit] on CPU 0
Exception return: magic PC fffffff9 previous exception 58
...successful exception return
Taking exception 5 [IRQ] on CPU 0
...taking pending secure exception 49
...loading from element 49 of secure vector table at 0x100000c4
...loaded new PC 0x1000135d
Taking exception 8 [QEMU v7M exception exit] on CPU 0
Exception return: magic PC fffffff9 previous exception 49
...tailchaining to pending exception
...taking pending secure exception 58
...loading from element 58 of secure vector table at 0x100000e8
...loaded new PC 0x1000135d
Taking exception 8 [QEMU v7M exception exit] on CPU 0
Exception return: magic PC fffffff9 previous exception 58
...successful exception return
Taking exception 5 [IRQ] on CPU 0
...taking pending secure exception 49
...loading from element 49 of secure vector table at 0x100000c4
...loaded new PC 0x1000135d
Taking exception 8 [QEMU v7M exception exit] on CPU 0
Exception return: magic PC fffffff9 previous exception 49
...tailchaining to pending exception
...taking pending secure exception 58
...loading from element 58 of secure vector table at 0x100000e8
...loaded new PC 0x1000135d
Taking exception 8 [QEMU v7M exception exit] on CPU 0
Exception return: magic PC fffffff9 previous exception 58
...successful exception return
Taking exception 5 [IRQ] on CPU 0
...taking pending secure exception 49
...loading from element 49 of secure vector table at 0x100000c4
...loaded new PC 0x1000135d
Taking exception 8 [QEMU v7M exception exit] on CPU 0
Exception return: magic PC fffffff9 previous exception 49
...tailchaining to pending exception
...taking pending secure exception 58
...loading from element 58 of secure vector table at 0x100000e8
...loaded new PC 0x1000135d
Taking exception 8 [QEMU v7M exception exit] on CPU 0
Exception return: magic PC fffffff9 previous exception 58
...successful exception return
Taking exception 5 [IRQ] on CPU 0
...taking pending secure exception 49
...loading from element 49 of secure vector table at 0x100000c4
...loaded new PC 0x1000135d
Taking exception 8 [QEMU v7M exception exit] on CPU 0
Exception return: magic PC fffffff9 previous exception 49
...tailchaining to pending exception
...taking pending secure exception 58
...loading from element 58 of secure vector table at 0x100000e8
...loaded new PC 0x1000135d
Taking exception 8 [QEMU v7M exception exit] on CPU 0
Exception return: magic PC fffffff9 previous exception 58
...successful exception return
Taking exception 5 [IRQ] on CPU 0
...taking pending secure exception 49
...loading from element 49 of secure vector table at 0x100000c4
...loaded new PC 0x1000135d
Taking exception 8 [QEMU v7M exception exit] on CPU 0
Exception return: magic PC fffffff9 previous exception 49
...tailchaining to pending exception
...taking pending secure exception 58
...loading from element 58 of secure vector table at 0x100000e8
...loaded new PC 0x1000135d
Taking exception 8 [QEMU v7M exception exit] on CPU 0
Exception return: magic PC fffffff9 previous exception 58
...successful exception return
Taking exception 5 [IRQ] on CPU 0
...taking pending secure exception 49
...loading from element 49 of secure vector table at 0x100000c4
...loaded new PC 0x1000135d
Taking exception 8 [QEMU v7M exception exit] on CPU 0
Exception return: magic PC fffffff9 previous exception 49
...tailchaining to pending exception
...taking pending secure exception 58
...loading from element 58 of secure vector table at 0x100000e8
...loaded new PC 0x1000135d
Taking exception 8 [QEMU v7M exception exit] on CPU 0
Exception return: magic PC fffffff9 previous exception 58
...successful exception return
Taking exception 5 [IRQ] on CPU 0
...taking pending secure exception 49
...loading from element 49 of secure vector table at 0x100000c4
...loaded new PC 0x1000135d
Taking exception 8 [QEMU v7M exception exit] on CPU 0
Exception return: magic PC fffffff9 previous exception 49
...tailchaining to pending exception
...taking pending secure exception 58
...loading from element 58 of secure vector table at 0x100000e8
...loaded new PC 0x1000135d
Taking exception 8 [QEMU v7M exception exit] on CPU 0
Exception return: magic PC fffffff9 previous exception 58
...successful exception return
Taking exception 5 [IRQ] on CPU 0
...taking pending secure exception 49
...loading from element 49 of secure vector table at 0x100000c4
...loaded new PC 0x1000135d
Taking exception 8 [QEMU v7M exception exit] on CPU 0
Exception return: magic PC fffffff9 previous exception 49
...tailchaining to pending exception
...taking pending secure exception 58
...loading from element 58 of secure vector table at 0x100000e8
...loaded new PC 0x1000135d
Taking exception 8 [QEMU v7M exception exit] on CPU 0
Exception return: magic PC fffffff9 previous exception 58
...successful exception return
Taking exception 5 [IRQ] on CPU 0
...taking pending secure exception 49
...loading from element 49 of secure vector table at 0x100000c4
...loaded new PC 0x1000135d
Taking exception 8 [QEMU v7M exception exit] on CPU 0
Exception return: magic PC fffffff9 previous exception 49
...tailchaining to pending exception
...taking pending secure exception 58
...loading from element 58 of secure vector table at 0x100000e8
...loaded new PC 0x1000135d
Taking exception 8 [QEMU v7M exception exit] on CPU 0
Exception return: magic PC fffffff9 previous exception 58
...successful exception return
Taking exception 5 [IRQ] on CPU 0
...taking pending secure exception 49
...loading from element 49 of secure vector table at 0x100000c4
...loaded new PC 0x1000135d
Taking exception 8 [QEMU v7M exception exit] on CPU 0
Exception return: magic PC fffffff9 previous exception 49
...tailchaining to pending exception
...taking pending secure exception 58
...loading from element 58 of secure vector table at 0x100000e8
...loaded new PC 0x1000135d
Taking exception 8 [QEMU v7M exception exit] on CPU 0
Exception return: magic PC fffffff9 previous exception 58
...successful exception return
Taking exception 5 [IRQ] on CPU 0
...taking pending secure exception 19
...loading from element 19 of secure vector table at 0x1000004c
...loaded new PC 0x1000135d
Taking exception 8 [QEMU v7M exception exit] on CPU 0
Exception return: magic PC fffffff9 previous exception 19
...successful exception return
Taking exception 1 [Undefined Instruction] on CPU 0
...taking pending secure exception 6
...loading from element 6 of secure vector table at 0x10000018
...loaded new PC 0x1000135d
Taking exception 1 [Undefined Instruction] on CPU 0
...BusFault with BFSR.STKERR
...taking pending secure exception 3
...loading from element 3 of secure vector table at 0x1000000c
...loaded new PC 0x1000135d
Taking exception 4 [Data Abort] on CPU 0
...at fault address 0x5fffffdc
...with CFSR.PRECISERR and BFAR 0x5fffffdc
qemu: fatal: Lockup: can't escalate 3 to HardFault (current priority -1)

R00=00000003 R01=00000000 R02=60000000 R03=00000000
R04=80001e78 R05=8003b110 R06=00000000 R07=8000006c
R08=00000002 R09=00000000 R10=00000018 R11=00000000
R12=00000001 R13=5fffffe0 R14=fffffff1 R15=100013bc
XPSR=41000003 -Z-- T S handler
s00=00000000 s01=00000000 d00=0000000000000000
s02=00000000 s03=00000000 d01=0000000000000000
s04=00000000 s05=00000000 d02=0000000000000000
s06=00000000 s07=00000000 d03=0000000000000000
s08=00000000 s09=00000000 d04=0000000000000000
s10=00000000 s11=00000000 d05=0000000000000000
s12=00000000 s13=00000000 d06=0000000000000000
s14=00000000 s15=00000000 d07=0000000000000000
s16=00000000 s17=00000000 d08=0000000000000000
s18=00000000 s19=00000000 d09=0000000000000000
s20=00000000 s21=00000000 d10=0000000000000000
s22=00000000 s23=00000000 d11=0000000000000000
s24=00000000 s25=00000000 d12=0000000000000000
s26=00000000 s27=00000000 d13=0000000000000000
s28=00000000 s29=00000000 d14=0000000000000000
s30=00000000 s31=00000000 d15=0000000000000000
FPSCR: 00000000
