> ?
< T05core:01;
> Z1,10000e40,2
< OK
> Z1,10006b5c,2
< OK
> Z1,10006b88,2
< OK
> Z1,10003e2e,2
< OK
> Z1,10001178,2
< OK
> Z1,1000103c,2
< OK
> c
< T05thread:01;
> g
< 030000004c8845800000000079110010f4150080a8150080030000004c88458000000000c28845801f61458003000000fd8f001034884580591100107811001003000081
> m80001838,4
< e0600480
> m800460f0,4
< 60620480
> m800460f4,2
< 0700
> m8004626c,4
< 02000000
> m80046114,4
< 00000000
> m80046110,4
< 00000000
> m80458898,4
< 90494580
> m80454990,4
< 00de7047
> me000ed28,4
< 00000100
> me000ed2c,4
< 00000040
> me000ed34,4
< 00000000
> m800025d8,4
< 190b0000
> z1,10001178,2
< OK
> Z1,10003de2,2
< OK
> c
< T05thread:01;
> g
< c41603803844048018000000640000006422008050220080381800805c220080e04103100000000000000000000000000000000038440480576b00105c6b001000000021
> m80044438,18
< 0a00000002000000efbeaddeefbeaddeefbeaddeefbeadde
> m80001838,4
< 80370480
> m80043790,4
< 00390480
> m80043794,2
< 0500
> m8004390c,4
< 00000000
> m800437b4,4
< 00000000
> m800437b0,4
< 00000000
> m80002250,4
< 80370480
> z1,10006b5c,2
< OK
> c
< T05thread:01;
> g
< 18000000842200800000000000000000180000003e22031034200080c11e031000000000000000000000000000000000fe7f0000b836048067790010e23d001000000061
> m800436d8,18
< 0a00000002000000efbeaddeefbeaddeefbeaddeefbeadde
> m80001838,4
< 200e0480
> m80040e30,4
< a00f0480
> m80040e34,2
< 0400
> m80040fac,4
< 00000000
> m80040e54,4
< 00000000
> m80040e50,4
< 00000000
> z1,10003de2,2
< OK
> c
< T05thread:01;
> g
< 0200000084220080000000000a000000180000003e22031034200080c11e031000000000000000000000000000000000fe7f0000b8360480677900102e3e001000000081
> m80001838,4
< 200e0480
> m80040e30,4
< a00f0480
> m80040e34,2
< 0400
> m80040fac,4
< 00000000
> m80040e54,4
< 00000000
> m80040e50,4
< 00000000
