> ?
< T05core:01;
> Z1,10000e40,2
< OK
> Z1,100041a6,2
< OK
> Z1,10006ece,2
< OK
> Z1,10006ef8,2
< OK
> Z1,10001178,2
< OK
> Z1,1000103c,2
< OK
> c
< T05thread:01;
> g
< 030000000c3268800000000079110010b4160080a8150080030000000c32688000000000823268800718d680030000006d950010f4316880591100107811001003000081
> m800018f0,4
< 80a50480
> m8004a590,4
< 00a70480
> m8004a594,2
< 0800
> m8004a70c,4
< 01000000
> m8004a5bc,4
< 00000000
> m8004a5b8,4
< 00000000
> m80683258,4
< 7800d680
> m80d60078,4
< 00de7047
> me000ed28,4
< 00000100
> me000ed2c,4
< 00000040
> me000ed34,4
< 00000000
> m80004990,4
< 31050000
> z1,10001178,2
< OK
> Z1,1000415a,2
< OK
> c
< T05thread:01;
> g
< 847d0380d8a2048018000000640000002431008010310080f01800801c310080be3a031000000000000000000000000000000000d8a20480c96e0010ce6e001000000021
> m8004a2d8,18
< 0a00000001000000efbeaddeefbeaddeefbeaddeefbeadde
> m800018f0,4
< 80910480
> m80049190,4
< 00930480
> m80049194,2
< 0500
> m8004930c,4
< 00000000
> m800491bc,4
< 00000000
> m800491b8,4
< 00000000
> m80003110,4
< 80910480
> z1,10006ece,2
< OK
> c
< T05thread:01;
> g
< 180000003c3100800000000000000000180000001c1b0310802f0080951703100000000000000000000000000000000000010000b8900480e37c00105a41001000000061
> m800490d8,18
< 0a00000001000000efbeaddeefbeaddeefbeaddeefbeadde
> m800018f0,4
< 80630480
> m80046390,4
< 00650480
> m80046394,2
< 0400
> m8004650c,4
< 00000000
> m800463bc,4
< 00000000
> m800463b8,4
< 00000000
> z1,1000415a,2
< OK
> c
< T05thread:01;
> g
< 010000003c310080000000000a000000180000001c1b0310802f0080951703100000000000000000000000000000000000010000b8900480e37c0010a641001000000081
> m800018f0,4
< 80630480
> m80046390,4
< 00650480
> m80046394,2
< 0400
> m8004650c,4
< 00000000
> m800463bc,4
< 00000000
> m800463b8,4
< 00000000
